// Jest Snapshot v1, https://goo.gl/fbAQLP

exports[`renders correctly 1`] = `
Array [
  <nav
    className="nav"
  >
    <a
      className="title"
      href="/Home"
      onClick={[Function]}
    >
      Math Magicians
    </a>
    <a
      className="link"
      href="/"
      onClick={[Function]}
    >
      Home
    </a>
    <a
      className="link"
      href="/Calculator"
      onClick={[Function]}
    >
      Calculator
    </a>
    <a
      className="link"
      href="/Quote"
      onClick={[Function]}
    >
      Quote
    </a>
  </nav>,
  <section
    className="section-one"
  >
    <h1
      className="section-title"
    >
      Welcome to our page!
    </h1>
    <p
      className="textx"
    >
      Lorem ipsum dolor sit amet, consectetur adipiscing elit. Donec vitae fringilla eros. Praesent ullamcorper consequat elit, eu convallis dolor commodo ac. Nunc eu turpis laoreet, suscipit nunc suscipit, laoreet mauris. Aliquam erat volutpat. Sed mollis posuere tempus. Orci varius natoque penatibus et magnis dis parturient montes, nascetur ridiculus mus. Nam finibus nibh placerat convallis consequat. Curabitur aliquet placerat metus, nec dignissim odio tincidunt quis. Pellentesque blandit est et mi finibus pharetra. Praesent ac ligula ullamcorper, imperdiet purus sed, bibendum purus. Proin ex eros, porttitor ut purus eu, laoreet varius nisl.
    </p>
    <p
      className="textx"
    >
      Lorem ipsum dolor sit amet, consectetur adipiscing elit. Donec vitae fringilla eros. Praesent ullamcorper consequat elit, eu convallis dolor commodo ac. Nunc eu turpis laoreet, suscipit nunc suscipit, laoreet mauris. Aliquam erat volutpat. Sed mollis posuere tempus. Orci varius natoque penatibus et magnis dis parturient montes, nascetur ridiculus mus. Nam finibus nibh placerat convallis consequat. Curabitur aliquet placerat metus, nec dignissim odio tincidunt quis. Pellentesque blandit est et mi finibus pharetra. Praesent ac ligula ullamcorper, imperdiet purus sed, bibendum purus. Proin ex eros, porttitor ut purus eu, laoreet varius nisl.
    </p>
  </section>,
]
`;
